Command line invocation:
    /Applications/Xcode.app/Contents/Developer/usr/bin/xcodebuild -project glint_demo.xcodeproj build -configuration Debug -parallelizeTargets -hideShellScriptEnvironment -target ALL_BUILD

ComputePackagePrebuildTargetDependencyGraph

CreateBuildRequest

SendProjectDescription

CreateBuildOperation

ComputeTargetDependencyGraph
note: Building targets in dependency order
note: Target dependency graph (4 targets)
    Target 'ALL_BUILD' in project 'glint_demo'
        ➜ Explicit dependency on target 'ZERO_CHECK' in project 'glint_demo'
        ➜ Explicit dependency on target 'glint_demo' in project 'glint_demo'
        ➜ Explicit dependency on target 'glint_host_ios_support' in project 'glint_demo'
    Target 'glint_demo' in project 'glint_demo'
        ➜ Explicit dependency on target 'ZERO_CHECK' in project 'glint_demo'
        ➜ Explicit dependency on target 'glint_host_ios_support' in project 'glint_demo'
    Target 'glint_host_ios_support' in project 'glint_demo' (no dependencies)
    Target 'ZERO_CHECK' in project 'glint_demo' (no dependencies)

GatherProvisioningInputs

CreateBuildDescription

ExecuteExternalTool /Applications/Xcode.app/Contents/Developer/Toolchains/XcodeDefault.xctoolchain/usr/bin/clang -v -E -dM -isysroot /Applications/Xcode.app/Contents/Developer/Platforms/iPhoneSimulator.platform/Developer/SDKs/iPhoneSimulator26.2.sdk -x c -c /dev/null

ExecuteExternalTool /Applications/Xcode.app/Contents/Developer/usr/bin/ibtool --version --output-format xml1

ExecuteExternalTool /Applications/Xcode.app/Contents/Developer/Toolchains/XcodeDefault.xctoolchain/usr/bin/clang -v -E -dM -arch arm64 -isysroot /Applications/Xcode.app/Contents/Developer/Platforms/iPhoneSimulator.platform/Developer/SDKs/iPhoneSimulator26.2.sdk -x c++ -c /dev/null

ExecuteExternalTool /Applications/Xcode.app/Contents/Developer/Toolchains/XcodeDefault.xctoolchain/usr/bin/clang -v -E -dM -arch arm64 -isysroot /Applications/Xcode.app/Contents/Developer/Platforms/iPhoneSimulator.platform/Developer/SDKs/iPhoneSimulator26.2.sdk -x objective-c++ -c /dev/null

ExecuteExternalTool /Applications/Xcode.app/Contents/Developer/Toolchains/XcodeDefault.xctoolchain/usr/bin/clang -v -E -dM -arch arm64 -isysroot /Applications/Xcode.app/Contents/Developer/Platforms/iPhoneSimulator.platform/Developer/SDKs/iPhoneSimulator26.2.sdk -x c -c /dev/null

ExecuteExternalTool /Applications/Xcode.app/Contents/Developer/Toolchains/XcodeDefault.xctoolchain/usr/bin/ld -version_details

ExecuteExternalTool /Applications/Xcode.app/Contents/Developer/Toolchains/XcodeDefault.xctoolchain/usr/bin/libtool -V

Build description signature: dbd441567a03c0f55bc25f7082150fe1
Build description path: /Users/splitterai/Desktop/repos/superkraft-io/glint-demo-ios_android/demo/build/ios-sim/build/XCBuildData/dbd441567a03c0f55bc25f7082150fe1.xcbuilddata
ClangStatCache /Applications/Xcode.app/Contents/Developer/Toolchains/XcodeDefault.xctoolchain/usr/bin/clang-stat-cache /Applications/Xcode.app/Contents/Developer/Platforms/iPhoneSimulator.platform/Developer/SDKs/iPhoneSimulator26.2.sdk /var/folders/w4/q8rc43v97819srx_6sd8692c0000gn/C/com.apple.DeveloperTools/26.2-17C52/Xcode/SDKStatCaches.noindex/iphonesimulator26.2-23C53-7d00a8b37fbd7999ea79df8ebc024bf0.sdkstatcache
    cd /Users/splitterai/Desktop/repos/superkraft-io/glint-demo-ios_android/demo/build/ios-sim/glint_demo.xcodeproj
    /Applications/Xcode.app/Contents/Developer/Toolchains/XcodeDefault.xctoolchain/usr/bin/clang-stat-cache /Applications/Xcode.app/Contents/Developer/Platforms/iPhoneSimulator.platform/Developer/SDKs/iPhoneSimulator26.2.sdk -o /var/folders/w4/q8rc43v97819srx_6sd8692c0000gn/C/com.apple.DeveloperTools/26.2-17C52/Xcode/SDKStatCaches.noindex/iphonesimulator26.2-23C53-7d00a8b37fbd7999ea79df8ebc024bf0.sdkstatcache

note: Run script build phase 'Generate CMakeFiles/ZERO_CHECK' will be run during every build because the option to run the script phase "Based on dependency analysis" is unchecked. (in target 'ZERO_CHECK' from project 'glint_demo')
PhaseScriptExecution Generate\ CMakeFiles/ZERO_CHECK /Users/splitterai/Desktop/repos/superkraft-io/glint-demo-ios_android/demo/build/ios-sim/build/glint_demo.build/Debug-iphonesimulator/ZERO_CHECK.build/Script-F9AB196DB41823D360CEA291.sh (in target 'ZERO_CHECK' from project 'glint_demo')
    cd /Users/splitterai/Desktop/repos/superkraft-io/glint-demo-ios_android/demo
    /bin/sh -c /Users/splitterai/Desktop/repos/superkraft-io/glint-demo-ios_android/demo/build/ios-sim/build/glint_demo.build/Debug-iphonesimulator/ZERO_CHECK.build/Script-F9AB196DB41823D360CEA291.sh
make: `/Users/splitterai/Desktop/repos/superkraft-io/glint-demo-ios_android/demo/build/ios-sim/CMakeFiles/cmake.check_cache' is up to date.

ProcessInfoPlistFile /Users/splitterai/Desktop/repos/superkraft-io/glint-demo-ios_android/demo/build/ios-sim/Debug-iphonesimulator/glint_demo.app/Info.plist /Users/splitterai/Desktop/repos/superkraft-io/glint-demo-ios_android/demo/build/ios-sim/CMakeFiles/glint_demo.dir/Info.plist (in target 'glint_demo' from project 'glint_demo')
    cd /Users/splitterai/Desktop/repos/superkraft-io/glint-demo-ios_android/demo
    builtin-infoPlistUtility /Users/splitterai/Desktop/repos/superkraft-io/glint-demo-ios_android/demo/build/ios-sim/CMakeFiles/glint_demo.dir/Info.plist -producttype com.apple.product-type.application -genpkginfo /Users/splitterai/Desktop/repos/superkraft-io/glint-demo-ios_android/demo/build/ios-sim/Debug-iphonesimulator/glint_demo.app/PkgInfo -expandbuildsettings -format binary -platform iphonesimulator -additionalcontentfile /Users/splitterai/Desktop/repos/superkraft-io/glint-demo-ios_android/demo/build/ios-sim/build/glint_demo.build/Debug-iphonesimulator/LaunchScreen-SBPartialInfo.plist -o /Users/splitterai/Desktop/repos/superkraft-io/glint-demo-ios_android/demo/build/ios-sim/Debug-iphonesimulator/glint_demo.app/Info.plist

note: Run script build phase 'Generate CMakeFiles/ALL_BUILD' will be run during every build because the option to run the script phase "Based on dependency analysis" is unchecked. (in target 'ALL_BUILD' from project 'glint_demo')
PhaseScriptExecution Generate\ CMakeFiles/ALL_BUILD /Users/splitterai/Desktop/repos/superkraft-io/glint-demo-ios_android/demo/build/ios-sim/build/glint_demo.build/Debug-iphonesimulator/ALL_BUILD.build/Script-5D53888BCC07E902AC53A64C.sh (in target 'ALL_BUILD' from project 'glint_demo')
    cd /Users/splitterai/Desktop/repos/superkraft-io/glint-demo-ios_android/demo
    /bin/sh -c /Users/splitterai/Desktop/repos/superkraft-io/glint-demo-ios_android/demo/build/ios-sim/build/glint_demo.build/Debug-iphonesimulator/ALL_BUILD.build/Script-5D53888BCC07E902AC53A64C.sh
Build all projects

** BUILD SUCCEEDED **

